Test script ran successfully.
